// Jest Snapshot v1, https://goo.gl/fbAQLP

exports[`Indecision vue debe hacer match con el snapshot 1`] = `
<img alt="Placeholder">
<div class="bg-dark"></div>
<div class="indecision-container"><input type="text" placeholder="Hazme una pregunta">
  <p>Recuerda terminar con un signo de interrogacion (?)</p>
  <!--v-if-->
</div>
`;
